// Jest Snapshot v1, https://goo.gl/fbAQLP

exports[`Method drawSlider renders correctly 1`] = `""`;

exports[`Method drawSlider renders correctly with empty data 1`] = `""`;
